CR-0013 acceptance_split.py report
data root : /home/ec2-user/grouse2
config    : /home/ec2-user/grouse2/docs/quality/acceptance_split.json (sha256 1e3bfaa45655e005fd9258c842d080274431812d72f53ea4bbc165236b67bfc5)
commit    : df83c270e3bf3cbf8cd353e7971607f612316f01 (dirty tracked .py: False)
started   : 2026-09-30T13:07:00.317513+00:00

GATES (exact)
E0   PASS
E1   PASS
E1p  PASS
E2   PASS
E3   PASS
E4   PASS
E5   PASS
E6   PASS
E7   PASS
E8   PASS
E9   PASS
E10  PASS
E11  PASS
E12  PASS
R1   PASS
R2   PASS
R3   PASS
R4   PASS

OBSERVATIONS (reported, never blocking)
OBS references: no references (not calibrated); flags |z| > 4: 0
O1   OBS   median_m=2552 (delta=+0)
O2   OBS   records_per_val_block=1.642 (delta=+0); share_gap=0.003355 (delta=+0)
O3   OBS   moran_k4.positive_blocks=0.004913 (z=+0.52); moran_k8.positive_blocks=0.005913 (z=+0.85)
O4   OBS   moran_k4.pool_blocks=-5.096e-05 (z=-0.01); moran_k4.selected-record_blocks=0.001527 (z=+0.19); moran_k8.pool_blocks=-0.003262 (z=-0.55); moran_k8.selected-record_blocks=0.004503 (z=+0.75)
O5   OBS   Exc.ME=1.123 (delta=+0); Exc.NH=1.162 (delta=+0); Exc.VT=0.5764 (delta=+0); Excws_val.ME=3.484 (delta=+0); Excws_val.NH=3.804 (delta=+0); Excws_val.VT=2.815 (delta=+0); S.ME=0.5331 (delta=+0); S.NH=0.5607 (delta=+0); S.VT=0.4367 (delta=+0); Sws_val.ME=0.6423 (delta=+0); Sws_val.NH=0.59 (delta=+0); Sws_val.VT=0.6208 (delta=+0)
O6   OBS   basis_tv_sel_vs_wpool.ME=0.6493 (delta=+0); basis_tv_sel_vs_wpool.NH=0.6429 (delta=+0); basis_tv_sel_vs_wpool.VT=0.6546 (delta=+0); basis_tv_train_val.ME=0.008639 (delta=+0); basis_tv_train_val.NH=0.03171 (delta=+0); basis_tv_train_val.VT=0.01256 (delta=+0); evtphys_tv_nonveg.ME=0.02517 (delta=+0); evtphys_tv_nonveg.NH=0.05035 (delta=+0); evtphys_tv_nonveg.VT=0.05445 (delta=+0); hab_weight_sel_over_pool.ME=1.104 (delta=+0); hab_weight_sel_over_pool.NH=1.201 (delta=+0); hab_weight_sel_over_pool.VT=1.129 (delta=+0); nonveg_val_minus_train.ME=-0.0006789 (delta=+0); nonveg_val_minus_train.NH=0.001255 (delta=+0); nonveg_val_minus_train.VT=0.001279 (delta=+0); species_tv.ME=0.04588 (delta=+0); species_tv.NH=0.07655 (delta=+0); species_tv.VT=0.1087 (delta=+0)
O7   OBS   SUP_O.ME=2 (delta=+0); SUP_O.NH=0 (delta=+0); SUP_O.VT=0 (delta=+0); SUP_R.ME=4.131 (delta=+0); SUP_R.NH=3.842 (delta=+0); SUP_R.VT=3.654 (delta=+0); hab_pool_over_target_worst.ME=1.571 (delta=+0); hab_pool_over_target_worst.NH=2.317 (delta=+0); hab_pool_over_target_worst.VT=1.599 (delta=+0); pool_over_target.ME=3.116 (delta=+0); pool_over_target.NH=4.832 (delta=+0); pool_over_target.VT=3.73 (delta=+0)
O8   OBS   neg_ks.ME=0.03573 (delta=+0); neg_ks.NH=0.1237 (delta=+0); neg_ks.VT=0.07265 (delta=+0); neg_ks.pooled=0.03696 (delta=+0); neg_smd.ME=0.07509 (delta=+0); neg_smd.NH=0.1872 (delta=+0); neg_smd.VT=0.1219 (delta=+0); neg_smd.pooled=0.07557 (delta=+0); neghab_ks.ME=0.04645 (delta=+0); neghab_ks.NH=0.1236 (delta=+0); neghab_ks.VT=0.1151 (delta=+0); neghab_ks.pooled=0.05477 (delta=+0); pos_ks.ME=0.04689 (delta=+0); pos_ks.NH=0.1254 (delta=+0); pos_ks.VT=0.06489 (delta=+0); pos_ks.pooled=0.04194 (delta=+0); pos_smd.ME=0.06347 (delta=+0); pos_smd.NH=0.2297 (delta=+0); pos_smd.VT=0.0965 (delta=+0); pos_smd.pooled=0.05463 (delta=+0)
O9   OBS   year_hist.neg.ME={"2020":1550,"2021":901,"2022":785,"2023":270,"2024":154}; year_hist.neg.NH={"2020":376,"2021":297,"2022":205,"2023":107,"2024":94}; year_hist.neg.VT={"2020":459,"2021":473,"2022":313,"2023":141,"2024":107}; year_hist.pos.ME={"2016":106,"2017":110,"2018":298,"2019":300,"2020":599,"2021":725,"2022":793,"2023":344,"2024":385}; year_hist.pos.NH={"2016":61,"2017":66,"2018":65,"2019":64,"2020":131,"2021":146,"2022":166,"2023":150,"2024":230}; year_hist.pos.VT={"2016":102,"2017":81,"2018":89,"2019":95,"2020":195,"2021":181,"2022":213,"2023":211,"2024":326}
O10  OBS   val_fraction.neg.ME=0.2016 (delta=+0); val_fraction.neg.NH=0.2215 (delta=+0); val_fraction.neg.VT=0.1802 (delta=+0); val_fraction.pos.ME=0.2016 (delta=+0); val_fraction.pos.NH=0.2215 (delta=+0); val_fraction.pos.VT=0.1802 (delta=+0)

SUMMARY: 18/18 GATEs pass; FAIL: none
calibration written: /home/ec2-user/grouse2/docs/quality/acceptance_split_obs.json
ACCEPTED. record written: /home/ec2-user/grouse2/data/pipeline/acceptance_record.json
record sha256: 66d63e1da915529ed0f33bf4f152d6626d9843c9fa8185a55a9727f54489d478
runtime: 299.6 s

real	5m0.180s
user	4m13.537s
sys	0m6.102s
